Traceback (most recent call last):
  File "E:\github\plan-action-agent\final_test.py", line 30, in <module>
    from enhanced_agents import EnhancedAgent, run_enhanced_agent
  File "E:\github\plan-action-agent\enhanced_agents.py", line 62, in <module>
    class PlanningTool(BaseTool):
    ...<33 lines>...
            return result.content
  File "D:\miniconda3\envs\llm\Lib\site-packages\pydantic\_internal\_model_construction.py", line 113, in __new__
    private_attributes = inspect_namespace(
        namespace, config_wrapper.ignored_types, class_vars, base_field_names
    )
  File "D:\miniconda3\envs\llm\Lib\site-packages\pydantic\_internal\_model_construction.py", line 440, in inspect_namespace
    raise PydanticUserError(
    ...<3 lines>...
    )
pydantic.errors.PydanticUserError: Field 'name' defined on a base class was overridden by a non-annotated attribute. All field definitions, including overrides, require a type annotation.

For further information visit https://errors.pydantic.dev/2.10/u/model-field-overridden
Python version: 3.13.1 | packaged by conda-forge | (main, Jan 13 2025, 09:37:28) [MSC v.1942 64 bit (AMD64)]
Testing imports step by step...
1. Testing basic imports...
   [OK] Basic imports successful
2. Testing LangChain core...
   [OK] LangChain core successful
3. Testing LangChain community...
   [OK] LangChain community successful
4. Testing LangChain tools...
   [OK] LangChain tools successful
5. Testing API settings...
   [OK] API settings successful, Model: DeepSeek-V3-0324
6. Testing enhanced agents...

[ERROR] Import failed: Field 'name' defined on a base class was overridden by a non-annotated attribute. All field definitions, including overrides, require a type annotation.

For further information visit https://errors.pydantic.dev/2.10/u/model-field-overridden
